starting test with SKIP_BUILD="" and DO_VALIDATE=""
Running test with user root
-- Generating ;/home/vboxuser/aeld-assignments/assignment-autotest/test/assignment1/Test_hello_Runner.c;/home/vboxuser/aeld-assignments/assignment-autotest/test/assignment1/Test_assignment_validate_Runner.c from test/assignment1/Test_hello.c;test/assignment1/Test_assignment_validate.c
-- Building executable including ;/home/vboxuser/aeld-assignments/assignment-autotest/test/assignment1/Test_hello_Runner.c;/home/vboxuser/aeld-assignments/assignment-autotest/test/assignment1/Test_assignment_validate_Runner.c test/assignment1/Test_hello.c;test/assignment1/Test_assignment_validate.c and ../examples/autotest-validate/autotest-validate.c
-- Configuring done
-- Generating done
-- Build files have been written to: /home/vboxuser/aeld-assignments/build
[ 10%] Building C object assignment-autotest/Unity/src/CMakeFiles/unity.dir/unity.c.o
[ 20%] Linking C static library libunity.a
[ 20%] Built target unity
[ 30%] Generating ../../assignment-autotest/test/assignment1/Test_hello_Runner.c, ../../assignment-autotest/test/assignment1/Test_assignment_validate_Runner.c, ../../assignment-autotest/test/unity_runner.c
Test files for auto dependency generation test/assignment1/Test_hello.c test/assignment1/Test_assignment_validate.c
Autogenerating runner for test/assignment1/Test_hello.c
Autogenerating runner for test/assignment1/Test_assignment_validate.c
Autogenerating test/unity_runner.c
[ 40%] Building C object assignment-autotest/CMakeFiles/assignment-autotest.dir/test/assignment1/Test_hello.c.o
[ 50%] Building C object assignment-autotest/CMakeFiles/assignment-autotest.dir/test/assignment1/Test_assignment_validate.c.o
[ 60%] Building C object assignment-autotest/CMakeFiles/assignment-autotest.dir/test/assignment1/Test_hello_Runner.c.o
[ 70%] Building C object assignment-autotest/CMakeFiles/assignment-autotest.dir/test/assignment1/Test_assignment_validate_Runner.c.o
[ 80%] Building C object assignment-autotest/CMakeFiles/assignment-autotest.dir/__/examples/autotest-validate/autotest-validate.c.o
[ 90%] Building C object assignment-autotest/CMakeFiles/assignment-autotest.dir/test/unity_runner.c.o
[100%] Linking C executable assignment-autotest
[100%] Built target assignment-autotest
/home/vboxuser/aeld-assignments/assignment-autotest/test/assignment1/Test_hello.c:6:test_hello:INFO: Hello!  Your unity setup is working!
/home/vboxuser/aeld-assignments/assignment-autotest/test/assignment1/Test_hello.c:4:test_hello:PASS

-----------------------
1 Tests 0 Failures 0 Ignored 
OK
/home/vboxuser/aeld-assignments/assignment-autotest/test/assignment1/Test_assignment_validate.c:9:test_assignment_validate:PASS

-----------------------
1 Tests 0 Failures 0 Ignored 
OK
Executing assignment test script
/home/vboxuser/aeld-assignments/assignment-autotest/test/assignment2 /home/vboxuser/aeld-assignments
/home/vboxuser/aeld-assignments/finder-app /home/vboxuser/aeld-assignments/assignment-autotest/test/assignment2 /home/vboxuser/aeld-assignments
rm -f ../build/writer ../build/*.o
mkdir -p ../build
gcc -Wall -Wextra -g -c writer.c -o ../build/writer.o
gcc -Wall -Wextra -g ../build/writer.o -o ../build/writer
Makefile Error, Failed to generate writer executable in /home/vboxuser/aeld-assignments/finder-app.
Test of assignment assignment2 failed with rc=1
